// Jest Snapshot v1, https://goo.gl/fbAQLP

exports[`Component <PatientsInfoPanel /> should renders correctly shallow 1`] = `
<div
  className="dropdown-menu dropdown-menu-panel dropdown-menu-right dropdown-menu-summary dropdown-menu-patients"
>
  <div
    className="form-group-wrapper"
  >
    <div>
      <div
        className="heading"
      >
        PATIENT INFO
      </div>
      <div
        className="form-group"
      >
        <Row
          bsClass="row"
          componentClass="div"
        >
          <PTCustomCheckbox
            disabled={true}
            isChecked={true}
            name="name"
            title="Name"
          />
          <PTCustomCheckbox
            isChecked={true}
            name="address"
            onChange={[Function]}
            title="Address"
          />
          <PTCustomCheckbox
            disabled={true}
            isChecked={true}
            name="dateOfBirth"
            title="Born"
          />
          <PTCustomCheckbox
            disabled={true}
            isChecked={true}
            name="gender"
            title="Gender"
          />
          <PTCustomCheckbox
            isChecked={true}
            name="id"
            onChange={[Function]}
            title="NHS No."
          />
          <Col
            bsClass="col"
            componentClass="div"
            sm={4}
            xs={6}
          >
            <PTButton
              className="btn btn-success btn-inverse btn-bold btn-smaller"
              onClick={[Function]}
            >
              <span
                className="btn-text"
              >
                Select All
              </span>
            </PTButton>
          </Col>
        </Row>
      </div>
    </div>
    <div>
      <div
        className="heading"
      >
        DATE / TIME
      </div>
      <div
        className="form-group"
      >
        <Row
          bsClass="row"
          componentClass="div"
        >
          <PTCustomCheckbox
            isChecked={true}
            name="ordersDate"
            onChange={[Function]}
            title="Orders"
          />
          <PTCustomCheckbox
            isChecked={true}
            name="resultsDate"
            onChange={[Function]}
            title="Results"
          />
          <PTCustomCheckbox
            isChecked={true}
            name="vitalsDate"
            onChange={[Function]}
            title="Vitals"
          />
          <PTCustomCheckbox
            isChecked={true}
            name="diagnosesDate"
            onChange={[Function]}
            title="Diagnosis"
          />
          <PTCustomCheckbox
            isChecked={true}
            name="promsDate"
            onChange={[Function]}
            title="PROMS"
          />
          <Col
            bsClass="col"
            componentClass="div"
            sm={4}
            xs={6}
          >
            <PTButton
              className="btn btn-success btn-inverse btn-bold btn-smaller"
              onClick={[Function]}
            >
              <span
                className="btn-text"
              >
                Select All
              </span>
            </PTButton>
          </Col>
        </Row>
      </div>
    </div>
    <div>
      <div
        className="heading"
      >
        COUNT
      </div>
      <div
        className="form-group"
      >
        <Row
          bsClass="row"
          componentClass="div"
        >
          <PTCustomCheckbox
            isChecked={true}
            name="ordersCount"
            onChange={[Function]}
            title="Orders"
          />
          <PTCustomCheckbox
            isChecked={true}
            name="resultsCount"
            onChange={[Function]}
            title="Results"
          />
          <PTCustomCheckbox
            isChecked={false}
            name="vitalsCount"
            onChange={[Function]}
            title="Vitals"
          />
          <PTCustomCheckbox
            isChecked={false}
            name="diagnosesCount"
            onChange={[Function]}
            title="Diagnosis"
          />
          <PTCustomCheckbox
            name="promsCount"
            onChange={[Function]}
            title="PROMS"
          />
          <Col
            bsClass="col"
            componentClass="div"
            sm={4}
            xs={6}
          >
            <PTButton
              className="btn btn-success btn-inverse btn-bold btn-smaller"
              onClick={[Function]}
            >
              <span
                className="btn-text"
              >
                Select All
              </span>
            </PTButton>
          </Col>
        </Row>
      </div>
    </div>
  </div>
</div>
`;
