// Jest Snapshot v1, https://goo.gl/fbAQLP

exports[`Component <ClinicalStatementsDetail /> should renders with props correctly 1`] = `
<div
  className="section-detail"
>
  <div
    className="panel-group accordion"
  >
    <PluginDetailPanel
      editedPanel={
        Object {
          "clinicalStatementPanel": false,
        }
      }
      isBtnShowPanel={false}
      isOpen={false}
      isShowControlPanel={false}
      name="clinicalStatementPanel"
      title="Clinical Statement"
    >
      <div
        className="panel-body-inner"
      >
        <div
          className="form"
        >
          <div
            className="form-group-wrapper"
          >
            <div
              className="form-group"
            >
              <label
                className="control-label"
              >
                Type
              </label>
              <div
                className="form-control-static"
              >
                Test name
              </div>
            </div>
            <div
              className="form-group"
            >
              <label
                className="control-label"
              >
                Statement
              </label>
              <div
                className="form-control-static"
                dangerouslySetInnerHTML={
                  Object {
                    "__html": "<span class=\\"\\" data--id=\\"1519236197404\\" data-id=\\"7\\" data-phrase=\\"The pain was mild at |?| in severity\\" content=\\"false\\">The pain was mild at <span class=\\" -click -unsaved -empty -open\\" content=\\"false\\" data-arr-subject=\\"The pain was mild at \\" -text=\\"\\" data-arr-unit=\\"?\\" data-arr-value=\\" in severity\\" data-original-title=\\"\\" title=\\"\\" style=\\"background-color: rgba(0, 0, 0, 0);\\" aria-describedby=\\"popover368681\\">Empty</span><div class=\\"popover -container -popup fade top in\\" role=\\"tooltip\\" id=\\"popover368681\\" style=\\"top: -74px; left: 12.6719px; \\"><div class=\\"arrow\\" style=\\"left: 50%;\\"></div><h3 class=\\"popover-title\\">Edit Text</h3><div class=\\"popover-content\\"> <div><div class=\\"form-loading\\" style=\\": none;\\"></div><form class=\\"form-inline form\\" style=\\"\\"><div class=\\"control-group form-group\\"><div><div class=\\"-input\\" style=\\"position: relative;\\"><input type=\\"text\\" class=\\"form-control input-sm\\" style=\\"padding-right: 24px;\\"><span class=\\"-clear-x\\" style=\\"\\"></span></div><div class=\\"-buttons\\"><button type=\\"submit\\" class=\\"btn btn-primary btn-sm -submit\\"><i class=\\"glyphicon glyphicon-ok\\"></i></button><button type=\\"button\\" class=\\"btn btn-default btn-sm -cancel\\"><i class=\\"glyphicon glyphicon-remove\\"></i></button></div></div><div class=\\"-error- help-\\" style=\\": none;\\"></div></div></form></div></div></div> in severity. <a class=\\"remove\\" content=\\"false\\"><i class=\\"fa \\" content=\\"false\\"></i></a></span> <span id=\\"temp\\" content=\\"false\\"></span>",
                  }
                }
              />
            </div>
            <div
              className="form-group"
            >
              <label
                className="control-label"
              >
                Tags
              </label>
              <div
                className="form-control-static"
              >
                <TagList>
                  <Tag
                    key="tag-chestpain"
                    style="success"
                  >
                    chestpain
                  </Tag>
                  <Tag
                    key="tag-shouder"
                    style="success"
                  >
                    shouder
                  </Tag>
                </TagList>
              </div>
            </div>
            <div
              className="row-expand"
            >
              <div
                className="col-expand-left"
              >
                <div
                  className="form-group"
                >
                  <label
                    className="control-label"
                  >
                    Date
                  </label>
                  <div
                    className="form-control-static"
                  >
                    21-Feb-2018
                  </div>
                </div>
              </div>
              <div
                className="col-expand-right"
              >
                <div
                  className="form-group"
                >
                  <label
                    className="control-label"
                  >
                    Author
                  </label>
                  <div
                    className="form-control-static"
                  >
                    bob.smith@gmail.com
                  </div>
                </div>
              </div>
            </div>
            <div
              className="form-group"
            >
              <label
                className="control-label"
              >
                Source
              </label>
              <div
                className="form-control-static"
              >
                qewdDB
              </div>
            </div>
          </div>
        </div>
      </div>
    </PluginDetailPanel>
  </div>
</div>
`;
