// Jest Snapshot v1, https://goo.gl/fbAQLP

exports[`Component <TagList /> should renders correctly 1`] = `
<div
  className="control-group"
>
  test-children
</div>
`;
