// Jest Snapshot v1, https://goo.gl/fbAQLP

exports[`Component <UserAccountPanelSettings /> should renders with props correctly 1`] = `
<div
  className="user-profile-settings dropdown"
>
  <div
    className="user-profile-settings__btn"
    onClick={[Function]}
  >
    <i
      className="fa fa-gear"
    />
  </div>
  <div
    className="user-profile-settings__menu dropdown-menu dropdown-menu-small-size"
  >
    <div
      className="dropdown-menu-wrap-list"
    >
      <div
        className="dropdown-menu-list"
      >
        <div
          className="dropdown-menu-item active"
          onClick={[Function]}
        >
          <span
            className="dropdown-menu-item-text"
          >
            Application Preferences
          </span>
        </div>
        <div
          className="dropdown-menu-item"
          onClick={[Function]}
        >
          <span
            className="dropdown-menu-item-text"
          >
            Personal Information
          </span>
        </div>
        <div
          className="dropdown-menu-item"
          onClick={[Function]}
        >
          <span
            className="dropdown-menu-item-text"
          >
            Contact Information
          </span>
        </div>
        <div
          className="dropdown-menu-item"
          onClick={[Function]}
        >
          <span
            className="dropdown-menu-item-text"
          >
            Change History
          </span>
        </div>
        <div
          className="dropdown-menu-item"
          onClick={[Function]}
        >
          <span
            className="dropdown-menu-item-text"
          >
            Feeds
          </span>
        </div>
      </div>
    </div>
  </div>
</div>
`;
