// Jest Snapshot v1, https://goo.gl/fbAQLP

exports[`Component <SortableTableHeaderCell /> should renders correctly 1`] = `
<th
  className="sorted asc"
  name="cause"
  onClick={[Function]}
>
  <span>
    Cause
  </span>
   
</th>
`;
